// Jest Snapshot v1, https://goo.gl/fbAQLP

exports[`should render the 404 page, link back to dash 1`] = `
<div>
  404! 
  <Link
    replace={false}
    to="/"
  >
    Go home
  </Link>
</div>
`;
