// Jest Snapshot v1, https://goo.gl/fbAQLP

exports[`should renderer header 1`] = `
<header
  className="expensify-header"
>
  <div
    className="content-container"
  >
    <div
      className="expensify-header__content"
    >
      <Link
        className="expensify-header__title"
        replace={false}
        to="/dashboard"
      >
        <h1>
          Boilerplate
        </h1>
      </Link>
      <button
        className="button button--link"
        onClick={[Function]}
      >
        Logout
      </button>
    </div>
  </div>
</header>
`;
